Analyzing atomic block starts:
==============================================================

Checking atomic block starting on line:658
	Checking asynch_status: OK, state is 1
	Checking imu_status: WARNING, multiple state definitions
		Loc: /home/emily/Code/Software/pacarana_mezzo_tests/src/main_bugs.c: 129 : Value :-1
		Loc: /home/emily/Code/Software/pacarana_mezzo_tests/src/main_bugs.c: 144 : Value :1
	Checking prox_status: WARNING, multiple state definitions
		Loc: /home/emily/Code/Software/pacarana_mezzo_tests/src/main_bugs.c: 130 : Value :-1
		Loc: /home/emily/Code/Software/pacarana_mezzo_tests/src/main_bugs.c: 589 : Value :1
Checking atomic block starting on line:617
	Checking asynch_status: OK, state is 1
	Checking imu_status: WARNING, multiple state definitions
		Loc: /home/emily/Code/Software/pacarana_mezzo_tests/src/main_bugs.c: 129 : Value :-1
		Loc: /home/emily/Code/Software/pacarana_mezzo_tests/src/main_bugs.c: 144 : Value :1
	Checking prox_status: WARNING, multiple state definitions
		Loc: /home/emily/Code/Software/pacarana_mezzo_tests/src/main_bugs.c: 130 : Value :-1
		Loc: /home/emily/Code/Software/pacarana_mezzo_tests/src/main_bugs.c: 589 : Value :1
Checking atomic block starting on line:599
	Checking asynch_status: OK, state is 1
	Checking imu_status: WARNING, multiple state definitions
		Loc: /home/emily/Code/Software/pacarana_mezzo_tests/src/main_bugs.c: 129 : Value :-1
		Loc: /home/emily/Code/Software/pacarana_mezzo_tests/src/main_bugs.c: 144 : Value :1
	Checking prox_status: WARNING, multiple state definitions
		Loc: /home/emily/Code/Software/pacarana_mezzo_tests/src/main_bugs.c: 130 : Value :-1
		Loc: /home/emily/Code/Software/pacarana_mezzo_tests/src/main_bugs.c: 589 : Value :1
Checking atomic block starting on line:587
	Checking asynch_status: OK, state is 1
	Checking imu_status: WARNING, multiple state definitions
		Loc: /home/emily/Code/Software/pacarana_mezzo_tests/src/main_bugs.c: 129 : Value :-1
		Loc: /home/emily/Code/Software/pacarana_mezzo_tests/src/main_bugs.c: 144 : Value :1
	Checking prox_status: WARNING, multiple state definitions
		Loc: /home/emily/Code/Software/pacarana_mezzo_tests/src/main_bugs.c: 130 : Value :-1
		Loc: /home/emily/Code/Software/pacarana_mezzo_tests/src/main_bugs.c: 589 : Value :1

